<!DOCTYPE html>
<html lang="en">
<head>
    <meta charset="UTF-8">
    <meta name="viewport" content="width=device-width, initial-scale=1.0">
    <link href="https://fonts.googleapis.com/css?family=Roboto+Slab&display=swap" rel="stylesheet">
    <link rel="stylesheet" href="style.css">
    <title>Golden</title>
</head>
<body>

    <!-- HEADER -->
<div class="intro">
    <div class="container">
    <div class="header">
        <div class="header-logo">
        <a href="">Golden</a>    
        </div>
        <nav class="menu">
            <a href="">Home</a>
            <a href="">Services</a>
            <a href="">Portfolio</a>
            <a href="">About</a>
            <a href="">Contact</a>
        </nav>
    </div>
</div>


<!-- HOME -->

<div class="container">
    <div class="home-inner">
        <h3>Welcome To Our Studio!</h3>
        <h1>Itâ€™s nice to Meet you</h1>
        <a href="#" class="btn">Tell Me More</a>
    </div>
</div>
</div>


<!-- SERVICES -->
<div class="container">
    <div class="services">
    <div class="serv-title">
        <h2>Services</h2>
        <h4>Proin iaculis purus consequat sem cure. </h4>
    </div>
    <div class="serv">
        <div class="serv-item">
            <img src="img/Services/icon-1.jpg" alt="">
            <h2>E-Commerce</h2>
            <div class="serv-text">Proin iaculis purus consequat sem cure 
                digni ssim. Donec porttitora entum suscipit 
                aenean rhoncus posuere odio in tincidunt.</div>
        </div>
        <div class="serv-item">
            <img src="img/Services/icon-2.jpg" alt="">
            <h2>Responsive Web</h2>
            <div class="serv-text">Proin iaculis purus consequat sem cure 
                digni ssim. Donec porttitora entum suscipit 
                aenean rhoncus posuere odio in tincidunt.</div>
        </div>
        <div class="serv-item">
            <img src="img/Services/icon-3.jpg" alt="">
            <h2>Responsive Web</h2>
            <div class="serv-text">Proin iaculis purus consequat sem cure 
                digni ssim. Donec porttitora entum suscipit 
                aenean rhoncus posuere odio in tincidunt.</div>
        </div>
    </div>
</div>
</div>

<!-- PORTFOLIO -->
<div class="portfolio">
    <div class="container">
        <div class="ptf-title">
            <h1>Our portfolio</h1>
            <h2>Proin iaculis purus consequat sem cure</h2>
        </div>
        <div class="ptf-items">
        <div class="ptf-item">
            <img src="img/Portfolio/work-1.jpg" alt="">
            <div class="ptf-item-text">
                <h2>Ebony & Ivory</h2>
                <h3>Branding</h3>
            </div>
        </div>
        <div class="ptf-item">
            <img src="img/Portfolio/work-2.jpg" alt="">
            <div class="ptf-item-text">
                <h2>Smart Stationary</h2>
                <h3>Print Design</h3>
            </div>
        </div>
        <div class="ptf-item">
            <img src="img/Portfolio/work-3.jpg" alt="">
            <div class="ptf-item-text">
                <h2>Clever Poster</h2>
                <h3>Print Design</h3>
            </div>
        </div>
        <div class="ptf-item ptf-item-four">
            <img src="img/Portfolio/work-4.jpg" alt="">
            <div class="ptf-item-text">
                <h2>Vinyl Record</h2>
                <h3>Product Mock-Up</h3>
            </div>
        </div>
        <div class="ptf-item">
            <img src="img/Portfolio/work-5.jpg" alt="">
            <div class="ptf-item-text">
                <h2>Treehouse Template</h2>
                <h3>Web Design</h3>
            </div>
        </div>
        <div class="ptf-item">
            <img src="img/Portfolio/work-6.jpg" alt="">
            <div class="ptf-item-text">
                <h2>Burned Logo</h2>
                <h3>Branding</h3>
            </div>
        </div>
    </div>
    </div>
</div>

<!-- ABOUT US -->
<div class="about">
    <div class="container">
        <div class="about-title">
            <h1>About Us</h1>
            <h2>Proin iaculis purus consequat sem cure</h2>
        </div>
        <div class="about-items">
            <div class="about-item">
                <div class="about-text about-text-right">
                    <h1>July 2010</h1>
                    <h2>Our Humble Beginnings</h2>
                    <p>Proin iaculis purus consequat sem cure 
                        digni ssim. Donec porttitora entum suscipit 
                        aenean rhoncus posuere odio in tincidunt. Proin 
                        iaculis purus consequat sem cure digni 
                        ssim. Donec porttitora entum suscipit.</p>
                </div>
                <img src="img/About_Us/item-1.jpg" alt="">
            </div>
            <div class="about-item about-item-right">
                <img src="img/About_Us/item-2.jpg" alt="">
                <div class="about-text about-text-left">
                    <h1>January 2011</h1>
                    <h2>Facing Startup Battles</h2>
                    <p>Proin iaculis purus consequat sem cure 
                        digni ssim. Donec porttitora entum suscipit 
                        aenean rhoncus posuere odio in tincidunt. Proin 
                        iaculis purus consequat sem cure digni 
                        ssim. Donec porttitora entum suscipit.</p>
                </div>
            </div>
            <div class="about-item">
                <div class="about-text about-text-right">
                    <h1>December 2012</h1>
                    <h2>Enter The Dark Days</h2>
                    <p>Proin iaculis purus consequat sem cure 
                        digni ssim. Donec porttitora entum suscipit 
                        aenean rhoncus posuere odio in tincidunt. Proin 
                        iaculis purus consequat sem cure digni 
                        ssim. Donec porttitora entum suscipit.</p>
                </div>
                <img src="img/About_Us/item-3.jpg" alt="">
            </div>
            <div class="about-item about-item-right">
                <img src="img/About_Us/item-4.jpg" alt="">
                <div class="about-text about-text-left">
                    <h1>february 2014</h1>
                    <h2>Our Triumph</h2>
                    <p>Proin iaculis purus consequat sem cure 
                        digni ssim. Donec porttitora entum suscipit 
                        aenean rhoncus posuere odio in tincidunt. Proin 
                        iaculis purus consequat sem cure digni 
                        ssim. Donec porttitora entum suscipit.</p>
                </div>
            </div>
            <div class="about-item about-item-right">
                <img src="img/About_Us/item-5.jpg" alt="">
            </div>
        </div>
    </div>
</div>

<!-- TEAM -->
<div class="team">
    <div class="container">
        <div class="team-title">
            <h1>our amazing team</h1>
            <h2>Proin iaculis purus consequat sem cure</h2>
        </div>
        <div class="team-items">
            <div class="team-item">
                <img src="img/Team/worker.jpg" alt="">
                <div class="team-item-text">
                    <h1>Kimberly Thompson</h1>
                    <h2>Marketer</h2>
                </div>
                <div class="team-social">
                    <img src="img/Team/icons/twitter.jpg" alt="">
                    <img src="img/Team/icons/facebook.jpg" alt="">
                    <img src="img/Team/icons/pinterest.jpg" alt="">
                </div>
            </div>
            <div class="team-item">
                <img src="img/Team/worker.jpg" alt="">
                <div class="team-item-text">
                    <h1>Ricco Massimo</h1>
                    <h2>Coder</h2>
                </div>
                <div class="team-social">
                    <img src="img/Team/icons/twitter.jpg" alt="">
                    <img src="img/Team/icons/facebook.jpg" alt="">
                    <img src="img/Team/icons/google.jpg" alt="">
                </div>
            </div>
            <div class="team-item">
                <img src="img/Team/worker.jpg" alt="">
                <div class="team-item-text">
                    <h1>Uku Mason</h1>
                    <h2>Graphic Designer</h2>
                </div>
                <div class="team-social">
                    <img src="img/Team/icons/facebook.jpg" alt="">
                    <img src="img/Team/icons/pinterest.jpg" alt="">
                </div>
            </div> 
        </div>
        <div class="team-text">
            <p>Proin iaculis purus consequat sem cure  digni ssim donec porttitora entum suscipit  
                aenean rhoncus posuere odio in tincidunt proin iaculis.</p>
        </div>
    </div>
</div>

<!-- LOGOS -->
<div class="container">
    <div class="logos">
        <div class="logo">
            <img src="img/Logos/log-1.jpg" alt="">
        </div>
        <div class="logo">
            <img src="img/Logos/log-2.jpg" alt="">
        </div>
        <div class="logo">
            <img src="img/Logos/log-3.jpg" alt="">
        </div>
        <div class="logo">
            <img src="img/Logos/log-4.jpg" alt="">
        </div>
    </div>
</div>

<!-- CONTACT -->
<div class="contact">
    <div class="container">
        <div class="contact-title">
            <h1>Contact Us</h1>
            <h2>Proin iaculis purus consequat sem cure</h2>
        </div>
        <div class="forms">
        <div class="message-left">
            <input class="input" type="text" placeholder="YOUR NAME*">
            <input class="input" type="text" placeholder="YOUR E-MAIL*">
            <input class="input" type="text" placeholder="SUBJECT">
        </div>
        <div class="message-right">
            <input class="input-right" type="text" placeholder="YOUR MESSAGE*">
        </div>
        </div>
        <div class="btn-contact">
            <a href="#" class="btn">send message</a>
        </div>
    </div>
</div>

<!-- Footer -->
<div class="footer">
    <div class="container">
        <div class="footer-items">
        <div class="footer-text">Â© Copyright 2014 FreebiesXpress.com</div>
        <div class="social-icons">
            <img src="img/Footer/twitter-icon.jpg" alt="">
            <img src="img/Footer/facebook-icon.jpg" alt="">
            <img src="img/Footer/pinterest-icon.jpg" alt="">
            <img src="img/Footer/google-icon.jpg" alt="">
        </div>
    </div>
    </div>
</div>

</body>
</html>